
https://yuyu-tei.jp/game_ws/carddetail/cardpreview.php?VER=saekano&CID=10157&MODE=sell
https://yuyu-tei.jp/game_ws/carddetail/cardpreview.php?VER=gc&CID=10029&MODE=sell
https://yuyu-tei.jp/game_ws/carddetail/cardpreview.php?VER=gc&CID=10030&MODE=sell
https://yuyu-tei.jp/game_ws/carddetail/cardpreview.php?VER=gc&CID=10055&MODE=sell
https://yuyu-tei.jp/game_ws/carddetail/cardpreview.php?VER=gc&CID=10079&MODE=sell
https://yuyu-tei.jp/game_ws/carddetail/cardpreview.php?VER=gc&CID=10080&MODE=sell
https://yuyu-tei.jp/game_ws/carddetail/cardpreview.php?VER=gc&CID=10104&MODE=sell
https://yuyu-tei.jp/game_ws/carddetail/cardpreview.php?VER=gc&CID=10105&MODE=sell
https://yuyu-tei.jp/game_ws/carddetail/cardpreview.php?VER=gc&CID=10031&MODE=sell
https://yuyu-tei.jp/game_ws/carddetail/cardpreview.php?VER=gc&CID=10032&MODE=sell
https://yuyu-tei.jp/game_ws/carddetail/cardpreview.php?VER=gc&CID=10033&MODE=sell
https://yuyu-tei.jp/game_ws/carddetail/cardpreview.php?VER=gc&CID=10034&MODE=sell
https://yuyu-tei.jp/game_ws/carddetail/cardpreview.php?VER=gc&CID=10035&MODE=sell
https://yuyu-tei.jp/game_ws/carddetail/cardpreview.php?VER=gc&CID=10056&MODE=sell
https://yuyu-tei.jp/game_ws/carddetail/cardpreview.php?VER=gc&CID=10058&MODE=sell
https://yuyu-tei.jp/game_ws/carddetail/cardpreview.php?VER=gc&CID=10059&MODE=sell
https://yuyu-tei.jp/game_ws/carddetail/cardpreview.php?VER=gc&CID=10060&MODE=sell
https://yuyu-tei.jp/game_ws/carddetail/cardpreview.php?VER=gc&CID=10081&MODE=sell
https://yuyu-tei.jp/game_ws/carddetail/cardpreview.php?VER=gc&CID=10082&MODE=sell
https://yuyu-tei.jp/game_ws/carddetail/cardpreview.php?VER=gc&CID=10083&MODE=sell
https://yuyu-tei.jp/game_ws/carddetail/cardpreview.php?VER=gc&CID=10084&MODE=sell
https://yuyu-tei.jp/game_ws/carddetail/cardpreview.php?VER=gc&CID=10085&MODE=sell
https://yuyu-tei.jp/game_ws/carddetail/cardpreview.php?VER=gc&CID=10106&MODE=sell
https://yuyu-tei.jp/game_ws/carddetail/cardpreview.php?VER=gc&CID=10107&MODE=sell
https://yuyu-tei.jp/game_ws/carddetail/cardpreview.php?VER=gc&CID=10108&MODE=sell
https://yuyu-tei.jp/game_ws/carddetail/cardpreview.php?VER=gc&CID=10109&MODE=sell
https://yuyu-tei.jp/game_ws/carddetail/cardpreview.php?VER=gc&CID=10110&MODE=sell
https://yuyu-tei.jp/game_ws/carddetail/cardpreview.php?VER=gc&CID=10036&MODE=sell
https://yuyu-tei.jp/game_ws/carddetail/cardpreview.php?VER=gc&CID=10037&MODE=sell
https://yuyu-tei.jp/game_ws/carddetail/cardpreview.php?VER=gc&CID=10038&MODE=sell
https://yuyu-tei.jp/game_ws/carddetail/cardpreview.php?VER=gc&CID=10039&MODE=sell
https://yuyu-tei.jp/game_ws/carddetail/cardpreview.php?VER=gc&CID=10040&MODE=sell
https://yuyu-tei.jp/game_ws/carddetail/cardpreview.php?VER=gc&CID=10061&MODE=sell
https://yuyu-tei.jp/game_ws/carddetail/cardpreview.php?VER=gc&CID=10062&MODE=sell
https://yuyu-tei.jp/game_ws/carddetail/cardpreview.php?VER=gc&CID=10064&MODE=sell
https://yuyu-tei.jp/game_ws/carddetail/cardpreview.php?VER=gc&CID=10065&MODE=sell
https://yuyu-tei.jp/game_ws/carddetail/cardpreview.php?VER=gc&CID=10086&MODE=sell
https://yuyu-tei.jp/game_ws/carddetail/cardpreview.php?VER=gc&CID=10088&MODE=sell
https://yuyu-tei.jp/game_ws/carddetail/cardpreview.php?VER=gc&CID=10089&MODE=sell
https://yuyu-tei.jp/game_ws/carddetail/cardpreview.php?VER=gc&CID=10090&MODE=sell
https://yuyu-tei.jp/game_ws/carddetail/cardpreview.php?VER=gc&CID=10091&MODE=sell
https://yuyu-tei.jp/game_ws/carddetail/cardpreview.php?VER=gc&CID=10111&MODE=sell
https://yuyu-tei.jp/game_ws/carddetail/cardpreview.php?VER=gc&CID=10112&MODE=sell
https://yuyu-tei.jp/game_ws/carddetail/cardpreview.php?VER=gc&CID=10113&MODE=sell
https://yuyu-tei.jp/game_ws/carddetail/cardpreview.php?VER=gc&CID=10114&MODE=sell
https://yuyu-tei.jp/game_ws/carddetail/cardpreview.php?VER=gc&CID=10115&MODE=sell
https://yuyu-tei.jp/game_ws/carddetail/cardpreview.php?VER=gc&CID=10041&MODE=sell
https://yuyu-tei.jp/game_ws/carddetail/cardpreview.php?VER=gc&CID=10042&MODE=sell
https://yuyu-tei.jp/game_ws/carddetail/cardpreview.php?VER=gc&CID=10043&MODE=sell
https://yuyu-tei.jp/game_ws/carddetail/cardpreview.php?VER=gc&CID=10044&MODE=sell
https://yuyu-tei.jp/game_ws/carddetail/cardpreview.php?VER=gc&CID=10045&MODE=sell
https://yuyu-tei.jp/game_ws/carddetail/cardpreview.php?VER=gc&CID=10046&MODE=sell
https://yuyu-tei.jp/game_ws/carddetail/cardpreview.php?VER=gc&CID=10047&MODE=sell
https://yuyu-tei.jp/game_ws/carddetail/cardpreview.php?VER=gc&CID=10048&MODE=sell
https://yuyu-tei.jp/game_ws/carddetail/cardpreview.php?VER=gc&CID=10066&MODE=sell
https://yuyu-tei.jp/game_ws/carddetail/cardpreview.php?VER=gc&CID=10067&MODE=sell
https://yuyu-tei.jp/game_ws/carddetail/cardpreview.php?VER=gc&CID=10068&MODE=sell
https://yuyu-tei.jp/game_ws/carddetail/cardpreview.php?VER=gc&CID=10069&MODE=sell
https://yuyu-tei.jp/game_ws/carddetail/cardpreview.php?VER=gc&CID=10073&MODE=sell
https://yuyu-tei.jp/game_ws/carddetail/cardpreview.php?VER=gc&CID=10092&MODE=sell
https://yuyu-tei.jp/game_ws/carddetail/cardpreview.php?VER=gc&CID=10093&MODE=sell
https://yuyu-tei.jp/game_ws/carddetail/cardpreview.php?VER=gc&CID=10094&MODE=sell
https://yuyu-tei.jp/game_ws/carddetail/cardpreview.php?VER=gc&CID=10095&MODE=sell
https://yuyu-tei.jp/game_ws/carddetail/cardpreview.php?VER=gc&CID=10096&MODE=sell
https://yuyu-tei.jp/game_ws/carddetail/cardpreview.php?VER=gc&CID=10097&MODE=sell
https://yuyu-tei.jp/game_ws/carddetail/cardpreview.php?VER=gc&CID=10098&MODE=sell
https://yuyu-tei.jp/game_ws/carddetail/cardpreview.php?VER=gc&CID=10099&MODE=sell
https://yuyu-tei.jp/game_ws/carddetail/cardpreview.php?VER=gc&CID=10116&MODE=sell
https://yuyu-tei.jp/game_ws/carddetail/cardpreview.php?VER=gc&CID=10117&MODE=sell
https://yuyu-tei.jp/game_ws/carddetail/cardpreview.php?VER=gc&CID=10118&MODE=sell
https://yuyu-tei.jp/game_ws/carddetail/cardpreview.php?VER=gc&CID=10119&MODE=sell
https://yuyu-tei.jp/game_ws/carddetail/cardpreview.php?VER=gc&CID=10120&MODE=sell
https://yuyu-tei.jp/game_ws/carddetail/cardpreview.php?VER=gc&CID=10121&MODE=sell
https://yuyu-tei.jp/game_ws/carddetail/cardpreview.php?VER=gc&CID=10122&MODE=sell
https://yuyu-tei.jp/game_ws/carddetail/cardpreview.php?VER=gc&CID=10123&MODE=sell
https://yuyu-tei.jp/game_ws/carddetail/cardpreview.php?VER=gc&CID=10018&MODE=sell
https://yuyu-tei.jp/game_ws/carddetail/cardpreview.php?VER=gc&CID=10019&MODE=sell
https://yuyu-tei.jp/game_ws/carddetail/cardpreview.php?VER=gc&CID=10020&MODE=sell
https://yuyu-tei.jp/game_ws/carddetail/cardpreview.php?VER=gc&CID=10021&MODE=sell
https://yuyu-tei.jp/game_ws/carddetail/cardpreview.php?VER=gc&CID=10003&MODE=sell
https://yuyu-tei.jp/game_ws/carddetail/cardpreview.php?VER=gc&CID=10004&MODE=sell
https://yuyu-tei.jp/game_ws/carddetail/cardpreview.php?VER=gc&CID=10005&MODE=sell
https://yuyu-tei.jp/game_ws/carddetail/cardpreview.php?VER=gc&CID=10006&MODE=sell
https://yuyu-tei.jp/game_ws/carddetail/cardpreview.php?VER=gc&CID=10007&MODE=sell
https://yuyu-tei.jp/game_ws/carddetail/cardpreview.php?VER=gc&CID=10008&MODE=sell
https://yuyu-tei.jp/game_ws/carddetail/cardpreview.php?VER=gc&CID=10009&MODE=sell
https://yuyu-tei.jp/game_ws/carddetail/cardpreview.php?VER=gc&CID=10011&MODE=sell
https://yuyu-tei.jp/game_ws/carddetail/cardpreview.php?VER=gc&CID=10012&MODE=sell
https://yuyu-tei.jp/game_ws/carddetail/cardpreview.php?VER=gc&CID=10013&MODE=sell
https://yuyu-tei.jp/game_ws/carddetail/cardpreview.php?VER=gc&CID=10014&MODE=sell
https://yuyu-tei.jp/game_ws/carddetail/cardpreview.php?VER=gc&CID=10015&MODE=sell
https://yuyu-tei.jp/game_ws/carddetail/cardpreview.php?VER=gc&CID=10023&MODE=sell
https://yuyu-tei.jp/game_ws/carddetail/cardpreview.php?VER=gc&CID=10151&MODE=sell
https://yuyu-tei.jp/game_ws/carddetail/cardpreview.php?VER=gc&CID=10152&MODE=sell
https://yuyu-tei.jp/game_ws/carddetail/cardpreview.php?VER=gc&CID=10153&MODE=sell
https://yuyu-tei.jp/game_ws/carddetail/cardpreview.php?VER=gc&CID=10154&MODE=sell
https://yuyu-tei.jp/game_ws/carddetail/cardpreview.php?VER=gc&CID=10001&MODE=sell
https://yuyu-tei.jp/game_ws/carddetail/cardpreview.php?VER=gc&CID=10025&MODE=sell
https://yuyu-tei.jp/game_ws/carddetail/cardpreview.php?VER=gc&CID=10026&MODE=sell
https://yuyu-tei.jp/game_ws/carddetail/cardpreview.php?VER=gc&CID=10027&MODE=sell
https://yuyu-tei.jp/game_ws/carddetail/cardpreview.php?VER=gc&CID=10129&MODE=sell
https://yuyu-tei.jp/game_ws/carddetail/cardpreview.php?VER=gc&CID=10130&MODE=sell
https://yuyu-tei.jp/game_ws/carddetail/cardpreview.php?VER=gc&CID=10131&MODE=sell
https://yuyu-tei.jp/game_ws/carddetail/cardpreview.php?VER=gc&CID=10132&MODE=sell
https://yuyu-tei.jp/game_ws/carddetail/cardpreview.php?VER=gc&CID=10133&MODE=sell
https://yuyu-tei.jp/game_ws/carddetail/cardpreview.php?VER=gc&CID=10028&MODE=sell
https://yuyu-tei.jp/game_ws/carddetail/cardpreview.php?VER=gc&CID=10156&MODE=sell
https://yuyu-tei.jp/game_ws/carddetail/cardpreview.php?VER=gc&CID=10157&MODE=sell
https://yuyu-tei.jp/game_ws/carddetail/cardpreview.php?VER=gc&CID=10158&MODE=sell
https://yuyu-tei.jp/game_ws/carddetail/cardpreview.php?VER=gc&CID=10159&MODE=sell
https://yuyu-tei.jp/game_ws/carddetail/cardpreview.php?VER=gc&CID=10160&MODE=sell
https://yuyu-tei.jp/game_ws/carddetail/cardpreview.php?VER=gc&CID=10161&MODE=sell
https://yuyu-tei.jp/game_ws/carddetail/cardpreview.php?VER=gc&CID=10162&MODE=sell
https://yuyu-tei.jp/game_ws/carddetail/cardpreview.php?VER=gc&CID=10163&MODE=sell
https://yuyu-tei.jp/game_ws/carddetail/cardpreview.php?VER=gc&CID=10165&MODE=sell
https://yuyu-tei.jp/game_ws/carddetail/cardpreview.php?VER=gc&CID=10166&MODE=sell
https://yuyu-tei.jp/game_ws/carddetail/cardpreview.php?VER=saekano&CID=10157&MODE=sell
https://yuyu-tei.jp/game_ws/carddetail/cardpreview.php?VER=saekano&CID=10157&MODE=sell
https://yuyu-tei.jp/game_ws/carddetail/cardpreview.php?VER=saekano&CID=10157&MODE=sell
https://yuyu-tei.jp/game_ws/carddetail/cardpreview.php?VER=saekano&CID=10157&MODE=sell
https://yuyu-tei.jp/game_ws/carddetail/cardpreview.php?VER=saekano&CID=10157&MODE=sell
https://yuyu-tei.jp/game_ws/carddetail/cardpreview.php?VER=saekano&CID=10157&MODE=sell
https://yuyu-tei.jp/game_ws/carddetail/cardpreview.php?VER=saekano&CID=10157&MODE=sell
https://yuyu-tei.jp/game_ws/carddetail/cardpreview.php?VER=saekano&CID=10157&MODE=sell
https://yuyu-tei.jp/game_ws/carddetail/cardpreview.php?VER=njext&CID=10085&MODE=sell
https://yuyu-tei.jp/game_ws/carddetail/cardpreview.php?VER=njext&CID=10085&MODE=sell
https://yuyu-tei.jp/game_ws/carddetail/cardpreview.php?VER=njext&CID=10086&MODE=sell
https://yuyu-tei.jp/game_ws/carddetail/cardpreview.php?VER=njext&CID=10001&MODE=sell
https://yuyu-tei.jp/game_ws/carddetail/cardpreview.php?VER=njext&CID=10003&MODE=sell
https://yuyu-tei.jp/game_ws/carddetail/cardpreview.php?VER=njext&CID=10007&MODE=sell
https://yuyu-tei.jp/game_ws/carddetail/cardpreview.php?VER=njext&CID=10011&MODE=sell
https://yuyu-tei.jp/game_ws/carddetail/cardpreview.php?VER=njext&CID=10013&MODE=sell
https://yuyu-tei.jp/game_ws/carddetail/cardpreview.php?VER=njext&CID=10015&MODE=sell
https://yuyu-tei.jp/game_ws/carddetail/cardpreview.php?VER=njext&CID=10017&MODE=sell
https://yuyu-tei.jp/game_ws/carddetail/cardpreview.php?VER=njext&CID=10019&MODE=sell
https://yuyu-tei.jp/game_ws/carddetail/cardpreview.php?VER=njext&CID=10021&MODE=sell
https://yuyu-tei.jp/game_ws/carddetail/cardpreview.php?VER=njext&CID=10025&MODE=sell
https://yuyu-tei.jp/game_ws/carddetail/cardpreview.php?VER=njext&CID=10027&MODE=sell
https://yuyu-tei.jp/game_ws/carddetail/cardpreview.php?VER=njext&CID=10029&MODE=sell
https://yuyu-tei.jp/game_ws/carddetail/cardpreview.php?VER=njext&CID=10031&MODE=sell
https://yuyu-tei.jp/game_ws/carddetail/cardpreview.php?VER=njext&CID=10033&MODE=sell
https://yuyu-tei.jp/game_ws/carddetail/cardpreview.php?VER=njext&CID=10059&MODE=sell
https://yuyu-tei.jp/game_ws/carddetail/cardpreview.php?VER=njext&CID=10085&MODE=sell
https://yuyu-tei.jp/game_ws/carddetail/cardpreview.php?VER=njext&CID=10086&MODE=sell
https://yuyu-tei.jp/game_ws/carddetail/cardpreview.php?VER=njext&CID=10001&MODE=sell
https://yuyu-tei.jp/game_ws/carddetail/cardpreview.php?VER=njext&CID=10003&MODE=sell
https://yuyu-tei.jp/game_ws/carddetail/cardpreview.php?VER=njext&CID=10007&MODE=sell
https://yuyu-tei.jp/game_ws/carddetail/cardpreview.php?VER=njext&CID=10011&MODE=sell
https://yuyu-tei.jp/game_ws/carddetail/cardpreview.php?VER=njext&CID=10013&MODE=sell
https://yuyu-tei.jp/game_ws/carddetail/cardpreview.php?VER=njext&CID=10015&MODE=sell
https://yuyu-tei.jp/game_ws/carddetail/cardpreview.php?VER=njext&CID=10017&MODE=sell
https://yuyu-tei.jp/game_ws/carddetail/cardpreview.php?VER=njext&CID=10019&MODE=sell
https://yuyu-tei.jp/game_ws/carddetail/cardpreview.php?VER=njext&CID=10021&MODE=sell
https://yuyu-tei.jp/game_ws/carddetail/cardpreview.php?VER=njext&CID=10025&MODE=sell
https://yuyu-tei.jp/game_ws/carddetail/cardpreview.php?VER=njext&CID=10027&MODE=sell
https://yuyu-tei.jp/game_ws/carddetail/cardpreview.php?VER=njext&CID=10029&MODE=sell
https://yuyu-tei.jp/game_ws/carddetail/cardpreview.php?VER=njext&CID=10031&MODE=sell
https://yuyu-tei.jp/game_ws/carddetail/cardpreview.php?VER=njext&CID=10033&MODE=sell
https://yuyu-tei.jp/game_ws/carddetail/cardpreview.php?VER=saekano&CID=10157&MODE=sell
https://yuyu-tei.jp/game_ws/carddetail/cardpreview.php?VER=saekano&CID=10157&MODE=sell
https://yuyu-tei.jp/game_ws/carddetail/cardpreview.php?VER=saekano&CID=10157&MODE=sell